auth_state=/Users/kunalsharma/datagami/rentaxis/tutorials/.auth/superadmin-local.json
tutorial=02
tenant=Oasis Crest Properties
scenario_validation=passed
region=centralindia
voice=en-US-Ava:DragonHDLatestNeural
style=none
audio=/Users/kunalsharma/datagami/rentaxis/tutorials/audio-generated/02-dashboard-search-notifications-and-help-azure.mp3
subtitle_cues=39
subtitle_duration=118.872
subtitle_file=/Users/kunalsharma/datagami/rentaxis/tutorials/output/02-dashboard-search-notifications-and-help.srt
scene=1 starts_at=0.0s title=Home · Today
scene=2 starts_at=38.1s title=Global search
scene=3 starts_at=59.5s title=Open the tenancy contract
scene=4 starts_at=66.1s title=Notifications
scene=5 starts_at=75.2s title=Notification history
scene=6 starts_at=91.2s title=Help Center
scene=7 starts_at=101.8s title=Roles & Permissions
tutorial=02
tenant=Oasis Crest Properties
target_duration=120.87
silent_video=/Users/kunalsharma/datagami/rentaxis/tutorials/output/02-dashboard-search-notifications-and-help-silent.webm
raw_video_dir=/Users/kunalsharma/datagami/rentaxis/tutorials/raw/tutorial-02-vXj1l2
tts_provider=external
video_codec=h264
audio_codec=aac
dimensions=1920x1080
duration=118.840000
subtitle_codec=mov_text
subtitle_file=/Users/kunalsharma/datagami/rentaxis/tutorials/output/02-dashboard-search-notifications-and-help.srt
tutorial=02
output=/Users/kunalsharma/datagami/rentaxis/tutorials/output/02-dashboard-search-notifications-and-help.mp4
audio=/Users/kunalsharma/datagami/rentaxis/tutorials/audio-generated/02-dashboard-search-notifications-and-help-azure.mp3
subtitles=/Users/kunalsharma/datagami/rentaxis/tutorials/output/02-dashboard-search-notifications-and-help.srt
