auth_state=/Users/kunalsharma/datagami/rentaxis/tutorials/.auth/superadmin-local.json
tutorial=03
tenant=Oasis Crest Properties
scenario_validation=passed
region=centralindia
voice=en-US-Ava:DragonHDLatestNeural
style=none
audio=/Users/kunalsharma/datagami/rentaxis/tutorials/audio-generated/03-roles-permissions-and-organisation-switching-azure.mp3
subtitle_cues=40
subtitle_duration=124.680
subtitle_file=/Users/kunalsharma/datagami/rentaxis/tutorials/output/03-roles-permissions-and-organisation-switching.srt
scene=1 starts_at=0.0s title=System Admin
scene=2 starts_at=45.7s title=Company Admin
scene=3 starts_at=67.6s title=Property Manager
scene=4 starts_at=75.9s title=A direct link is not a way round
scene=5 starts_at=92.5s title=Tenant
scene=6 starts_at=103.5s title=Company User and Security Guard
scene=7 starts_at=117.7s title=Back to the controlled context
clip_lead_ins=0.00,1.30,1.29,1.29,1.34,1.33
tutorial=03
tenant=Oasis Crest Properties
target_duration=126.68
silent_video=/Users/kunalsharma/datagami/rentaxis/tutorials/output/03-roles-permissions-and-organisation-switching-silent.webm
raw_video_dir=/Users/kunalsharma/datagami/rentaxis/tutorials/raw/tutorial-03-z6n2Yz
tts_provider=external
video_codec=h264
audio_codec=aac
dimensions=1920x1080
duration=124.680000
subtitle_codec=mov_text
subtitle_file=/Users/kunalsharma/datagami/rentaxis/tutorials/output/03-roles-permissions-and-organisation-switching.srt
tutorial=03
output=/Users/kunalsharma/datagami/rentaxis/tutorials/output/03-roles-permissions-and-organisation-switching.mp4
audio=/Users/kunalsharma/datagami/rentaxis/tutorials/audio-generated/03-roles-permissions-and-organisation-switching-azure.mp3
subtitles=/Users/kunalsharma/datagami/rentaxis/tutorials/output/03-roles-permissions-and-organisation-switching.srt
